[backblue.gif]
[fade.gif]
[index.html]
[cryptomining-exchange.com/index.html]
[cryptomining-exchange.com/landingf/banner.png]
[cryptomining-exchange.com/landingf/assets/images/favicon.png]
[cryptomining-exchange.com/landingf/assets/js/jquery.min.js]
[cryptomining-exchange.com/landingf/assets/js/wpfront-scroll-top.js]
[cryptomining-exchange.com/landingf/assets/js/modernizer.js]
[cryptomining-exchange.com/landingf/assets/images/logo.png]
[cryptomining-exchange.com/landingf/assets/images/sticky-contacten.png]
[cryptomining-exchange.com/landingf/assets/images/ipad.png]
[cryptomining-exchange.com/landingf/assets/images/slide_img2.png]
[cryptomining-exchange.com/landingf/assets/images/ipad-e.png]
[cryptomining-exchange.com/landingf/assets/images/icon-steps.png]
[cryptomining-exchange.com/landingf/assets/images/step-1.png]
[cryptomining-exchange.com/landingf/assets/images/step-2-en.png]
[cryptomining-exchange.com/landingf/assets/images/step-3-en.png]
[cryptomining-exchange.com/landingf/assets/images/step-4-en.png]
[cryptomining-exchange.com/landingf/assets/images/payment-arrow-left.png]
[cryptomining-exchange.com/landingf/assets/images/payment_footerENRU.png]
[cryptomining-exchange.com/landingf/assets/images/payment-arrow-right.png]
[cryptomining-exchange.com/landingf/assets/images/shield.png]
[cryptomining-exchange.com/landingf/assets/js/bootstrap.min.js]
[cryptomining-exchange.com/landingf/assets/js/general.js]
[cryptomining-exchange.com/landingf/assets/js/jquery.form.min.js]
[cryptomining-exchange.com/landingf/assets/js/scripts.js]
[cryptomining-exchange.com/landingf/assets/js/api.js]
[cryptomining-exchange.com/landingf/assets/js/wp-embed.min.js]
[cryptomining-exchange.com/landingf/alert/js/jquery-3.2.1.min.js]
[cryptomining-exchange.com/landingf/alert/js/jquery.fake-notification.min.js]
[cryptomining-exchange.com/landingf/index.html]
[cryptomining-exchange.com/landingf/alert/css/fake-notification-min.css]
[cryptomining-exchange.com/landingf/alert/css/animate.min.css]
[client.crisp.chat/l.js]
[cryptomining-exchange.com/landingf/alert/css/font-awesome.min.css]
[cryptomining-exchange.com/landingf/assets/css/language-selector.css]
[cryptomining-exchange.com/landingf/assets/css/openaccount.css]
[cryptomining-exchange.com/landingf/assets/css/styles.css]
[cryptomining-exchange.com/landingf/assets/css/jdpicker.css]
[cryptomining-exchange.com/landingf/assets/css/chosen.css]
[cryptomining-exchange.com/landingf/assets/css/wpfront-scroll-up.css]
[cryptomining-exchange.com/landingf/assets/css/fonts/glyphicons-halflings-regular.eot]
[cryptomining-exchange.com/landingf/assets/css/fonts/glyphicons-halflings-regular.woff2]
[cryptomining-exchange.com/landingf/assets/css/fonts/glyphicons-halflings-regular.woff]
[cryptomining-exchange.com/landingf/assets/css/fonts/glyphicons-halflings-regular.ttf]
[cryptomining-exchange.com/landingf/assets/css/bootstrap-min.css]
[cryptomining-exchange.com/landingf/assets/css/img/loader.gif]
[cryptomining-exchange.com/landingf/assets/css/img/reuters_bar_put.png]
[cryptomining-exchange.com/landingf/assets/css/img/user-icon.png]
[cryptomining-exchange.com/landingf/assets/css/img/logo-md.png]
[cryptomining-exchange.com/landingf/assets/css/img/slide1.jpg]
[cryptomining-exchange.com/landingf/assets/css/img/select.png]
[cryptomining-exchange.com/landingf/assets/css/img/section-a.jpg]
[cryptomining-exchange.com/landingf/assets/css/img/table1_icon.png]
[cryptomining-exchange.com/landingf/assets/css/img/table2_icon.png]
[cryptomining-exchange.com/landingf/assets/css/img/table3_icon.png]
[cryptomining-exchange.com/landingf/assets/css/img/section-b.jpg]
[cryptomining-exchange.com/landingf/assets/css/img/section-c.jpg]
[cryptomining-exchange.com/landingf/assets/css/img/section-d.jpg]
[cryptomining-exchange.com/landingf/assets/css/img/1place.png]
[cryptomining-exchange.com/landingf/assets/css/img/2place.png]
[cryptomining-exchange.com/landingf/assets/css/img/3place.png]
[cryptomining-exchange.com/landingf/assets/css/img/star_place.png]
[cryptomining-exchange.com/landingf/assets/css/img/flag1.png]
[cryptomining-exchange.com/landingf/assets/css/img/flag2.png]
[cryptomining-exchange.com/landingf/assets/css/img/flag3.png]
[cryptomining-exchange.com/landingf/assets/css/img/flag4.png]
[cryptomining-exchange.com/landingf/assets/css/img/flag5.png]
[cryptomining-exchange.com/landingf/assets/css/img/caret-up.png]
[cryptomining-exchange.com/landingf/assets/css/img/caret-down.png]
[cryptomining-exchange.com/landingf/assets/css/img/section-e.jpg]
[cryptomining-exchange.com/landingf/assets/css/img/account-star.png]
[cryptomining-exchange.com/landingf/assets/css/img/check.png]
[cryptomining-exchange.com/landingf/assets/css/style.css]
[cryptomining-exchange.com/landingf/maxcdn.bootstrapcdn.com/font-awesome/4.6.3/css/font-awesome.min.html]
[purepng.com/public/uploads/large/purepng.com-bitcoinobjectsbitcoinmoneycashcoinobjectgoldcurrencypaymentbitcoinvirtual-631522324013ysu8d.png]
[cryptomining-exchange.com/login/vendor/jquery/jquery-3.2.1.min.js]
[cryptomining-exchange.com/login/vendor/animsition/js/animsition.min.js]
[cryptomining-exchange.com/login/vendor/bootstrap/js/popper.js]
[cryptomining-exchange.com/login/vendor/bootstrap/js/bootstrap.min.js]
[cryptomining-exchange.com/login/vendor/select2/select2.min.js]
[cryptomining-exchange.com/login/vendor/daterangepicker/moment.min.js]
[cryptomining-exchange.com/login/vendor/daterangepicker/daterangepicker.js]
[cryptomining-exchange.com/login/vendor/countdowntime/countdowntime.js]
[cryptomining-exchange.com/login/js/main.js]
[cryptomining-exchange.com/login/login.html]
[cryptomining-exchange.com/login/index.html]
[maxcdn.bootstrapcdn.com/bootstrap/3.3.7/css/bootstrap.min.css]
[www.google-analytics.com/analytics.js]
[cryptomining-exchange.com/landingf/translate.yandex.net/website-widget/v1/widget80d680d680d6.html]
[cryptomining-exchange.com/landingf/index-2.html]
[cryptomining-exchange.com/landingf/assets/images/EUR_GBP.png]
[cryptomining-exchange.com/landingf/assets/images/EUR_JPY.png]
[cryptomining-exchange.com/landingf/assets/images/EUR_USD.png]
[cryptomining-exchange.com/landingf/assets/images/NZD_USD.png]
[cryptomining-exchange.com/landingf/assets/images/USD_CAD.png]
[cryptomining-exchange.com/landingf/assets/images/USD_CHF.png]
[cryptomining-exchange.com/landingf/assets/images/USD_JPY.png]
[cryptomining-exchange.com/landingf/assets/images/USD_RUB.png]
[cryptomining-exchange.com/landingf/assets/images/USD_SGD.png]
[cryptomining-exchange.com/landingf/assets/images/USD_TRY.png]
[cryptomining-exchange.com/landingf/assets/images/USD_ZAR.png]
[cryptomining-exchange.com/landingf/asset-index.html]
[cryptomining-exchange.com/landingf/glossary.html]
[cryptomining-exchange.com/landingf/how-to-trade.html]
[cryptomining-exchange.com/landingf/faq.html]
[cryptomining-exchange.com/landingf/contact.html]
[cryptomining-exchange.com/s3.tradingview.com/external-embedding/embed-widget-ticker-tape.html]
[cryptomining-exchange.com/landingf/assets/css/img/logo-mobile.png]
[cryptomining-exchange.com/landingf/account-types.html]
[cryptomining-exchange.com/landingf/terms-and-conditions.html]
[cryptomining-exchange.com/landingf/privacy-policy.html]
[cryptomining-exchange.com/landingf/assets/images/icons/1.html]
[cryptomining-exchange.com/landingf/assets/csss/fpw4963496349634963.html]
[cryptomining-exchange.com/landingf/assets/css/openaccount_short4963496349634963.html]
[cryptomining-exchange.com/landingf/widget-v4.tidiochat.com/1_55_0/static/js/render.9bb1700b21f8039b8acf.html]
[cryptomining-exchange.com/landingf/assets/css/fpw8a548a548a548a54.html]
[cryptomining-exchange.com/landingf/index-3.html]
[cryptomining-exchange.com/landingf/alert/css/fonts/fontawesome-webfont3e6e3e6e3e6e3e6e3e6e.eot]
[cryptomining-exchange.com/landingf/alert/css/fonts/fontawesome-webfontd41dd41dd41dd41dd41d.eot]
[cryptomining-exchange.com/landingf/alert/css/fonts/fontawesome-webfont3e6e3e6e3e6e3e6e3e6e.woff2]
[cryptomining-exchange.com/landingf/alert/css/fonts/fontawesome-webfont3e6e3e6e3e6e3e6e3e6e.woff]
[cryptomining-exchange.com/landingf/alert/css/fonts/fontawesome-webfont3e6e3e6e3e6e3e6e3e6e.ttf]
[cryptomining-exchange.com/landingf/alert/css/fonts/fontawesome-webfont3e6e3e6e3e6e3e6e3e6e.svg]
[cryptomining-exchange.com/landingf/assets/img/nav-arrow-down.html]
[cryptomining-exchange.com/landingf/wp-content/themes/toroption/img/error_icon.html]
[cryptomining-exchange.com/landingf/wp-content/themes/toroption/img/check_icon.html]
[cryptomining-exchange.com/landingf/assets/images/bg_selectable.html]
[cryptomining-exchange.com/landingf/assets/images/bg_selected.html]
[cryptomining-exchange.com/landingf/assets/images/bg_hover.html]
[cryptomining-exchange.com/landingf/assets/css/chosen-sprite.html]
[cryptomining-exchange.com/landingf/assets/css/chosen-sprite@2x.html]
[cryptomining-exchange.com/landingf/assets/css/fonts/glyphicons-halflings-regular.svg]
[cryptomining-exchange.com/landingf/assets/css/fonts/opensans-regular-webfont.html]
[cryptomining-exchange.com/landingf/assets/css/fonts/opensans-regular-webfontd41dd41dd41dd41d.html]
[cryptomining-exchange.com/landingf/assets/css/fonts/opensans-regular-webfont-2.html]
[cryptomining-exchange.com/landingf/assets/css/fonts/opensans-regular-webfont-3.html]
[cryptomining-exchange.com/landingf/assets/css/fonts/opensans-extrabold-webfont.html]
[cryptomining-exchange.com/landingf/assets/css/fonts/opensans-extrabold-webfontd41dd41dd41dd41d.html]
[cryptomining-exchange.com/landingf/assets/css/fonts/opensans-extrabold-webfont-2.html]
[cryptomining-exchange.com/landingf/assets/css/fonts/opensans-extrabold-webfont-3.html]
[cryptomining-exchange.com/landingf/assets/css/fonts/opensans-light-webfont.html]
[cryptomining-exchange.com/landingf/assets/css/fonts/opensans-light-webfontd41dd41dd41dd41d.html]
[cryptomining-exchange.com/landingf/assets/css/fonts/opensans-light-webfont-2.html]
[cryptomining-exchange.com/landingf/assets/css/fonts/opensans-light-webfont-3.html]
[cryptomining-exchange.com/landingf/www.toroption.com/wp-content/themes/toroption/img/reuters_bar_call.html]
[cryptomining-exchange.com/landingf/img/footer-disclaim.html]
[cryptomining-exchange.com/landingf/assets/img/footer-disclaim.html]
[cryptomining-exchange.com/landingf/wp-content/themes/toroption/img/payment-brands.html]
[cryptomining-exchange.com/landingf/assets/img/address_home_page.html]
[cryptomining-exchange.com/landingf/assets/img/reserved.html]
[cryptomining-exchange.com/landingf/assets/img/reserveden_720.html]
[cryptomining-exchange.com/landingf/assets/img/reserved6_720.html]
[cryptomining-exchange.com/landingf/assets/img/reserveden_480.html]
[cryptomining-exchange.com/landingf/assets/img/reserved6_480.html]
[cryptomining-exchange.com/login/vendor/bootstrap/css/bootstrap.min.css]
[cryptomining-exchange.com/login/fonts/font-awesome-4.7.0/fonts/fontawesome-webfont3e6e.eot]
[cryptomining-exchange.com/login/fonts/font-awesome-4.7.0/fonts/fontawesome-webfontd41d.eot]
[cryptomining-exchange.com/login/fonts/font-awesome-4.7.0/fonts/fontawesome-webfont3e6e.woff2]
[cryptomining-exchange.com/login/fonts/font-awesome-4.7.0/fonts/fontawesome-webfont3e6e.woff]
[cryptomining-exchange.com/login/fonts/font-awesome-4.7.0/fonts/fontawesome-webfont3e6e.ttf]
[cryptomining-exchange.com/login/fonts/font-awesome-4.7.0/css/font-awesome.min.css]
[cryptomining-exchange.com/login/fonts/Linearicons-Free-v1.0.0/icon-font.min.css]
[cryptomining-exchange.com/login/fonts/iconic/fonts/Material-Design-Iconic-Fontd1f1.woff2]
[cryptomining-exchange.com/login/fonts/iconic/fonts/Material-Design-Iconic-Fontd1f1.woff]
[cryptomining-exchange.com/login/fonts/iconic/fonts/Material-Design-Iconic-Fontd1f1.ttf]
[cryptomining-exchange.com/login/fonts/iconic/css/material-design-iconic-font.min.css]
[cryptomining-exchange.com/login/vendor/animate/animate.css]
[cryptomining-exchange.com/login/vendor/css-hamburgers/hamburgers.min.css]
[cryptomining-exchange.com/login/vendor/animsition/css/animsition.min.css]
[cryptomining-exchange.com/login/vendor/select2/select2.min.css]
[cryptomining-exchange.com/login/vendor/daterangepicker/daterangepicker.css]
[cryptomining-exchange.com/login/css/util.css]
[cryptomining-exchange.com/login/fonts/poppins/Poppins-Regular.ttf]
[cryptomining-exchange.com/login/fonts/poppins/Poppins-Medium.ttf]
[cryptomining-exchange.com/login/fonts/poppins/Poppins-Bold.ttf]
[cryptomining-exchange.com/login/fonts/poppins/Poppins-SemiBold.ttf]
[cryptomining-exchange.com/login/css/main.css]
[cryptomining-exchange.com/login/fp.html]
[cryptomining-exchange.com/login/index-2.html]
[cryptomining-exchange.com/htdocs_error/style.html]
[maxcdn.bootstrapcdn.com/bootstrap/3.3.7/css/bootstrap.min.css]
[cryptomining-exchange.com/htdocs_error/something-lost.html]
[cryptomining-exchange.com/landingf/widget-v4.tidiochat.com/1_13_2/static/js/render.e070c112c033bf2e370e.html]
[cryptomining-exchange.com/landingf/s3.tradingview.com/external-embedding/embed-widget-ticker-tape.html]
[cryptomining-exchange.com/landingf/images/favicon.png]
[cryptomining-exchange.com/landingf/logo.png]
[cryptomining-exchange.com/landingf/signup.html]
[cryptomining-exchange.com/www.smartsuppchat.com/loaderd41dd41d.html]
[cryptomining-exchange.com/landingf/user/withdraw.html]
[cryptomining-exchange.com/landingf/maps.googleapis.com/maps/api/js_key_AIzaSyAUknpV_ch2cze7hhHzxCNxd72Gtv-8w4o_sensor_false.html]
[cryptomining-exchange.com/login/fonts/font-awesome-4.7.0/fonts/fontawesome-webfont3e6e.svg]
[cryptomining-exchange.com/landingf/use.fontawesome.com/releases/v5.3.1/css/all.html]
[cryptomining-exchange.com/landingf/bootstrap.min.css]
[cryptomining-exchange.com/landingf/images/bg.jpg]
[cryptomining-exchange.com/landingf/style.css]
[cryptomining-exchange.com/landingf/login.html]
[cryptomining-exchange.com/landingf/images/login_logo.png]
[cryptomining-exchange.com/landingf/forget-password.html]
[cryptomining-exchange.com/landingf/code.jquery.com/jquery-1.11.1.min.html]
[cryptomining-exchange.com/landingf/maxcdn.bootstrapcdn.com/bootstrap/4.1.1/js/bootstrap.min.html]
